// Jest Snapshot v1, https://goo.gl/fbAQLP

exports[`it works 1`] = `
.c0 {
  margin: 0;
  color: #353535;
  font-weight: normal;
  font-stretch: normal;
  font-style: normal;
}

.c1 {
  font-size: 1rem;
  line-height: 1.5;
  -webkit-letter-spacing: 0.00938em;
  -moz-letter-spacing: 0.00938em;
  -ms-letter-spacing: 0.00938em;
  letter-spacing: 0.00938em;
}

<p
  class="c0 c1"
  color="jet"
>
  Teste
</p>
`;
